[03/Apr/2026 11:33:31] "GET /api/common/health/ HTTP/1.1" 200 332
[03/Apr/2026 11:33:31,859] - Broken pipe from ('127.0.0.1', 60245)
[03/Apr/2026 11:33:34] "GET /api/test-data/meta/ HTTP/1.1" 200 1546
[03/Apr/2026 11:33:36] "POST /api/test-data/user-workspace/ HTTP/1.1" 200 228345
[03/Apr/2026 11:33:39] "POST /api/test-data/user-workspace/ HTTP/1.1" 200 228267
[03/Apr/2026 11:33:40] "POST /api/test-data/user-workspace/ HTTP/1.1" 200 228868
[03/Apr/2026 11:33:41] "POST /api/test-data/user-workspace/ HTTP/1.1" 200 228494
[03/Apr/2026 11:33:42] "POST /api/test-data/user-workspace/ HTTP/1.1" 200 227725
[03/Apr/2026 11:33:43] "POST /api/test-data/user-workspace/ HTTP/1.1" 200 228018
[03/Apr/2026 11:33:44] "POST /api/test-data/user-workspace/ HTTP/1.1" 200 227926
[03/Apr/2026 11:33:46] "POST /api/test-data/user-workspace/ HTTP/1.1" 200 228168
[03/Apr/2026 11:33:47] "POST /api/test-data/user-workspace/ HTTP/1.1" 200 227682
[03/Apr/2026 11:33:48] "POST /api/test-data/user-workspace/ HTTP/1.1" 200 228360
[03/Apr/2026 11:33:49] "POST /api/test-data/user-workspace/ HTTP/1.1" 200 227875
[03/Apr/2026 11:33:50] "POST /api/test-data/user-workspace/ HTTP/1.1" 200 227459
[03/Apr/2026 11:34:02] "POST /api/test-data/enterprise-workspace/ HTTP/1.1" 200 170907
[03/Apr/2026 11:34:04] "POST /api/test-data/enterprise-workspace/ HTTP/1.1" 200 169664
[03/Apr/2026 11:34:05] "GET /api/common/health/ HTTP/1.1" 200 332
[03/Apr/2026 11:34:06,402] - Broken pipe from ('127.0.0.1', 55081)
[03/Apr/2026 11:34:34] "GET /api/api-tool/products/ HTTP/1.1" 200 212
[03/Apr/2026 11:34:34] "GET /api/api-tool/products/%E8%B4%A8%E9%87%8F%E7%AE%A1%E7%90%86%E5%B9%B3%E5%8F%B0/ HTTP/1.1" 200 453
[03/Apr/2026 11:36:11] "GET /api/api-tool/products/ HTTP/1.1" 200 212
[03/Apr/2026 11:36:11] "GET /api/api-tool/products/%E8%B4%A8%E9%87%8F%E7%AE%A1%E7%90%86%E5%B9%B3%E5%8F%B0/ HTTP/1.1" 200 453
[03/Apr/2026 11:36:43] "GET /api/test-data/meta/ HTTP/1.1" 200 1546
[03/Apr/2026 11:37:16] "GET /api/api-tool/products/ HTTP/1.1" 200 212
[03/Apr/2026 11:37:16] "GET /api/api-tool/products/%E8%B4%A8%E9%87%8F%E7%AE%A1%E7%90%86%E5%B9%B3%E5%8F%B0/ HTTP/1.1" 200 453
[03/Apr/2026 11:37:32] "GET /api/tool-cards/overview/ HTTP/1.1" 200 75
[03/Apr/2026 11:37:35] "GET /api/api-tool/products/ HTTP/1.1" 200 212
[03/Apr/2026 11:37:35] "GET /api/api-tool/products/%E8%B4%A8%E9%87%8F%E7%AE%A1%E7%90%86%E5%B9%B3%E5%8F%B0/ HTTP/1.1" 200 453
[03/Apr/2026 11:41:47] "POST /api/test-data/enterprise-workspace/ HTTP/1.1" 200 171980
[03/Apr/2026 11:41:49] "POST /api/test-data/enterprise-workspace/ HTTP/1.1" 200 170205
[03/Apr/2026 11:41:51] "POST /api/test-data/user-workspace/ HTTP/1.1" 200 228461
[03/Apr/2026 11:41:59] "GET /api/test-data/meta/ HTTP/1.1" 200 1546
[03/Apr/2026 11:42:02] "GET /api/test-data/meta/ HTTP/1.1" 200 1546
[03/Apr/2026 11:42:43] "GET /api/test-data/meta/ HTTP/1.1" 200 1546
[03/Apr/2026 11:42:43] "GET /api/api-tool/products/ HTTP/1.1" 200 212
[03/Apr/2026 11:42:43] "GET /api/api-tool/products/%E8%B4%A8%E9%87%8F%E7%AE%A1%E7%90%86%E5%B9%B3%E5%8F%B0/ HTTP/1.1" 200 453
[03/Apr/2026 11:50:18] "GET /api/test-data/meta/ HTTP/1.1" 200 1546
[03/Apr/2026 11:50:20] "POST /api/test-data/user-workspace/ HTTP/1.1" 200 228856
[03/Apr/2026 11:51:20] "POST /api/test-data/user-workspace/ HTTP/1.1" 200 228282
[03/Apr/2026 11:51:32] "POST /api/test-data/refresh-user-field/ HTTP/1.1" 200 228282
[03/Apr/2026 11:51:33] "POST /api/test-data/refresh-user-field/ HTTP/1.1" 200 228282
[03/Apr/2026 11:51:36] "POST /api/test-data/refresh-user-field/ HTTP/1.1" 200 228893
[03/Apr/2026 11:51:36] "POST /api/test-data/refresh-user-field/ HTTP/1.1" 200 228893
[03/Apr/2026 11:51:37] "POST /api/test-data/refresh-user-field/ HTTP/1.1" 200 228819
[03/Apr/2026 11:51:39] "POST /api/test-data/refresh-user-field/ HTTP/1.1" 200 228335
[03/Apr/2026 11:51:40] "POST /api/test-data/refresh-user-field/ HTTP/1.1" 200 228335
[03/Apr/2026 11:51:42] "POST /api/test-data/refresh-user-field/ HTTP/1.1" 200 228893
[03/Apr/2026 11:51:43] "POST /api/test-data/refresh-user-field/ HTTP/1.1" 200 228409
[03/Apr/2026 11:51:46] "POST /api/test-data/refresh-user-field/ HTTP/1.1" 200 228409
[03/Apr/2026 11:51:49] "POST /api/test-data/refresh-user-field/ HTTP/1.1" 200 228893
[03/Apr/2026 11:51:50] "POST /api/test-data/refresh-user-field/ HTTP/1.1" 200 228335
[03/Apr/2026 11:51:57] "POST /api/test-data/refresh-user-field/ HTTP/1.1" 200 228819
[03/Apr/2026 11:51:59] "POST /api/test-data/refresh-user-field/ HTTP/1.1" 200 228819
[03/Apr/2026 11:52:00] "POST /api/test-data/refresh-user-field/ HTTP/1.1" 200 228409
[03/Apr/2026 11:52:04] "POST /api/test-data/refresh-user-field/ HTTP/1.1" 200 228409
[03/Apr/2026 11:52:06] "POST /api/test-data/refresh-user-field/ HTTP/1.1" 200 228403
[03/Apr/2026 11:52:08] "POST /api/test-data/refresh-user-field/ HTTP/1.1" 200 228887
[03/Apr/2026 11:52:10] "POST /api/test-data/refresh-user-field/ HTTP/1.1" 200 228819
